Microchip MPLAB XC8 Compiler V2.40

Linker command line:

-W-3 \
  --edf=C:\Program Files\Microchip\xc8\v2.40\pic\dat\20220703182018_en.msgs \
  -cn -h+dist/default/production\LAB3M.X.production.sym \
  --cmf=dist/default/production\LAB3M.X.production.cmf -z -Q16F887 \
  -oC:\Users\Migue\AppData\Local\Temp\xcAs10p0.4 --defsym=__MPLAB_BUILD=1 \
  --fixupoverflow=error -Mdist/default/production/LAB3M.X.production.map \
  --md=C:\Users\Migue\AppData\Local\Temp\xcAs10p0.dat -E1 -ver=XC8 Compiler \
  --acfsm=1493 -ACODE=00h-07FFhx4 -ASTRCODE=00h-01FFFh -ASTRING=00h-0FFhx32 \
  -ACONST=00h-0FFhx32 -AENTRY=00h-0FFhx32 -ACOMMON=070h-07Fh \
  -ABANK0=020h-06Fh -ABANK1=0A0h-0EFh -ABANK2=0110h-016Fh \
  -ABANK3=0190h-01EFh -ARAM=020h-06Fh,0A0h-0EFh,0110h-016Fh,0190h-01EFh \
  -AABS1=020h-07Fh,0A0h-0EFh,0110h-016Fh,0190h-01EFh -ASFR0=00h-01Fh \
  -ASFR1=080h-09Fh -ASFR2=0100h-010Fh -ASFR3=0180h-018Fh \
  -ACONFIG=02007h-02008h -DCONFIG=2 -AIDLOC=02000h-02003h -DIDLOC=2 \
  -AEEDATA=00h-0FFh/02100h -peeprom_data=EEDATA -DEEDATA=2 -DCODE=2 \
  -DSTRCODE=2 -DSTRING=2 -DCONST=2 -DENTRY=2 \
  -preset_vec=00h,intentry,init,end_init -ppowerup=CODE -pcinit=CODE \
  -pfunctab=ENTRY -k C:\Users\Migue\AppData\Local\Temp\xcAs10p0.o \
  dist/default/production\LAB3M.X.production.o 

Object code version is 3.11

Machine type is 16F887



                Name                               Link     Load   Length Selector   Space Scale
C:\Users\Migue\AppData\Local\Temp\xcAs10p0.o
                end_init                              0        0        3        0       0
                config                             2007     2007        2        0       4
                idloc                              2000     2000        4        0       5
dist/default/production\LAB3M.X.production.o
                cinit                               7EB      7EB       15      FD6       0
                config                             2007     2007        2        0       4
                idloc                              2000     2000        4        0       5
                text21                              1C8      1C8       22      390       0
                text20                              1AE      1AE       1A      35C       0
                text19                              18B      18B        D      316       0
                text18                              3D0      3D0       6A      7A0       0
                text17                              2E7      2E7       44      5CE       0
                text16                              26B      26B       3A      4D6       0
                text15                              20F      20F       29      41E       0
                text14                              536      536       9D      A6C       0
                text13                              32B      32B       46      656       0
                text12                              5D3      5D3       A8      BA6       0
                text11                              198      198       16      330       0
                text10                              1EA      1EA       25      3D4       0
                text9                               371      371       5F      6E2       0
                text8                               173      173        7      2E6       0
                text7                               182      182        9      304       0
                text6                               16D      16D        6      2DA       0
                text5                               4A9      4A9       8D      952       0
                text4                               238      238       33      470       0
                text3                               2A5      2A5       42      54A       0
                text2                               72A      72A       C1      E54       0
                text1                               43A      43A       6F      874       0
                maintext                            67B      67B       AF      CF6       0
                cstackBANK0                          20       20       36       20       1
                cstackCOMMON                         70       70        E       70       1
                clrtext                             17A      17A        8      2F4       0
                bssBANK1                             A0       A0       14       A0       1
                bssBANK0                             56       56       17       20       1
                strings                               3        3       34        6       0

TOTAL           Name                               Link     Load   Length     Space
        CLASS   CODE           
                end_init                              0        0        3         0
                cinit                               7EB      7EB       15         0
                text21                              1C8      1C8       22         0
                text20                              1AE      1AE       1A         0
                text19                              18B      18B        D         0
                text18                              3D0      3D0       6A         0
                text17                              2E7      2E7       44         0
                text16                              26B      26B       3A         0
                text15                              20F      20F       29         0
                text14                              536      536       9D         0
                text13                              32B      32B       46         0
                text12                              5D3      5D3       A8         0
                text11                              198      198       16         0
                text10                              1EA      1EA       25         0
                text9                               371      371       5F         0
                text8                               173      173        7         0
                text7                               182      182        9         0
                text6                               16D      16D        6         0
                text5                               4A9      4A9       8D         0
                text4                               238      238       33         0
                text3                               2A5      2A5       42         0
                text2                               72A      72A       C1         0
                text1                               43A      43A       6F         0
                maintext                            67B      67B       AF         0
                clrtext                             17A      17A        8         0

        CLASS   STRCODE        

        CLASS   STRING         
                strings                               3        3       34         0

        CLASS   CONST          

        CLASS   ENTRY          

        CLASS   COMMON         
                cstackCOMMON                         70       70        E         1

        CLASS   BANK0          
                cstackBANK0                          20       20       36         1
                bssBANK0                             56       56       17         1

        CLASS   BANK1          
                bssBANK1                             A0       A0       14         1

        CLASS   BANK2          

        CLASS   BANK3          

        CLASS   RAM            

        CLASS   ABS1           
                abs_s1                               7E       7E        2         1

        CLASS   SFR0           

        CLASS   SFR1           

        CLASS   SFR2           

        CLASS   SFR3           

        CLASS   CONFIG         
                config                             2007     2007        2         4

        CLASS   IDLOC          
                idloc                              2000     2000        4         5

        CLASS   EEDATA         

        CLASS   STACK          



SEGMENTS        Name                           Load    Length   Top    Selector   Space  Class     Delta

                reset_vec                      000000  000003  000003         0       0  CODE        2
                strings                        000003  000034  000037         6       0  STRING      2
                cstackBANK0                    000020  00004D  00006D        20       1  BANK0       1
                cstackCOMMON                   000070  00000E  00007E        70       1  COMMON      1
                bssBANK1                       0000A0  000014  0000B4        A0       1  BANK1       1
                text6                          00016D  000006  000173       2DA       0  CODE        2
                text8                          000173  000007  00017A       2E6       0  CODE        2
                clrtext                        00017A  000008  000182       2F4       0  CODE        2
                text7                          000182  000009  00018B       304       0  CODE        2
                text19                         00018B  00000D  000198       316       0  CODE        2
                text11                         000198  000016  0001AE       330       0  CODE        2
                text20                         0001AE  00001A  0001C8       35C       0  CODE        2
                text21                         0001C8  000022  0001EA       390       0  CODE        2
                text10                         0001EA  000025  00020F       3D4       0  CODE        2
                text15                         00020F  000029  000238       41E       0  CODE        2
                text4                          000238  000033  00026B       470       0  CODE        2
                text16                         00026B  00003A  0002A5       4D6       0  CODE        2
                text3                          0002A5  000042  0002E7       54A       0  CODE        2
                text17                         0002E7  000044  00032B       5CE       0  CODE        2
                text13                         00032B  000046  000371       656       0  CODE        2
                text9                          000371  00005F  0003D0       6E2       0  CODE        2
                text18                         0003D0  00006A  00043A       7A0       0  CODE        2
                text1                          00043A  00006F  0004A9       874       0  CODE        2
                text5                          0004A9  00008D  000536       952       0  CODE        2
                text14                         000536  00009D  0005D3       A6C       0  CODE        2
                text12                         0005D3  0000A8  00067B       BA6       0  CODE        2
                maintext                       00067B  0000AF  00072A       CF6       0  CODE        2
                text2                          00072A  0000C1  0007EB       E54       0  CODE        2
                cinit                          0007EB  000015  000800       FD6       0  CODE        2


UNUSED ADDRESS RANGES

        Name                Unused          Largest block    Delta
        BANK0            006D-006F              3           1
        BANK1            00B4-00EF             3C           1
        BANK2            0110-016F             60           1
        BANK3            0190-01EF             60           1
        CODE             0037-016C            136           2
                         0800-1FFF            800
        CONST            0037-016C             C9           2
                         0800-1FFF            100
        EEDATA           2100-21FF            100           2
        ENTRY            0037-016C             C9           2
                         0800-1FFF            100
        RAM              006D-006F              3           1
                         00B4-00EF             3C
                         0110-016F             60
                         0190-01EF             60
        SFR0             0000-001F             20           1
        SFR1             0080-009F             20           1
        SFR2             0100-010F             10           1
        SFR3             0180-018F             10           1
        STRCODE          0037-016C            136           2
                         0800-1FFF           1800
        STRING           0037-016C             C9           2
                         0800-1FFF            100

                                  Symbol Table

?___aldiv                 cstackBANK0  0020
?___lmul                  cstackCOMMON 0070
?___lwdiv                 cstackCOMMON 0070
?___lwmod                 cstackCOMMON 0078
?_map                     cstackBANK0  002E
?_sprintf                 cstackBANK0  0020
Lcd_Cmd@a                 cstackCOMMON 0073
Lcd_Port@a                cstackCOMMON 0070
Lcd_Set_Cursor@a          cstackCOMMON 0076
Lcd_Set_Cursor@b          cstackCOMMON 0074
Lcd_Set_Cursor@temp       cstackCOMMON 0079
Lcd_Set_Cursor@y          cstackCOMMON 0078
Lcd_Set_Cursor@z          cstackCOMMON 0077
Lcd_Write_Char@a          cstackCOMMON 0074
Lcd_Write_Char@temp       cstackCOMMON 0072
Lcd_Write_Char@y          cstackCOMMON 0073
Lcd_Write_String@a        cstackCOMMON 0075
Lcd_Write_String@i        cstackCOMMON 007A
_ADCON0bits               (abs)        001F
_ADCON1bits               (abs)        009F
_ANSELH                   (abs)        0189
_ANSELbits                (abs)        0188
_INTCONbits               (abs)        000B
_Lcd_Clear                text19       018B
_Lcd_Cmd                  text20       01AE
_Lcd_Init                 text18       03D0
_Lcd_Port                 text21       01C8
_Lcd_Set_Cursor           text5        04A9
_Lcd_Write_Char           text4        0238
_Lcd_Write_String         text3        02A5
_OSCCONbits               (abs)        008F
_PIE1bits                 (abs)        008C
_PIR1bits                 (abs)        000C
_PORTA                    (abs)        0005
_PORTAbits                (abs)        0005
_PORTB                    (abs)        0006
_PORTCbits                (abs)        0007
_PORTD                    (abs)        0008
_PORTDbits                (abs)        0008
_PORTE                    (abs)        0009
_SSPBUF                   (abs)        0013
_SSPCON                   (abs)        0014
_SSPSTAT                  (abs)        0094
_SSPSTATbits              (abs)        0094
_TRISA                    (abs)        0085
_TRISAbits                (abs)        0085
_TRISB                    (abs)        0086
_TRISC3                   (abs)        043B
_TRISC5                   (abs)        043D
_TRISCbits                (abs)        0087
_TRISD                    (abs)        0088
_TRISDbits                (abs)        0088
_V1                       bssBANK0     006C
_VOLT1                    bssBANK0     0069
__Habs1                   abs1         0000
__Hbank0                  bank0        0000
__Hbank1                  bank1        0000
__Hbank2                  bank2        0000
__Hbank3                  bank3        0000
__HbssBANK0               bssBANK0     0000
__HbssBANK1               bssBANK1     0000
__Hcinit                  cinit        0800
__Hclrtext                clrtext      0000
__Hcode                   code         0000
__Hcommon                 common       0000
__Hconfig                 config       2009
__HcstackBANK0            cstackBANK0  0000
__HcstackCOMMON           cstackCOMMON 0000
__Heeprom_data            eeprom_data  0000
__Hend_init               end_init     0003
__Hfunctab                functab      0000
__Hidloc                  idloc        2004
__Hinit                   init         0000
__Hintentry               intentry     0000
__Hmaintext               maintext     0000
__Hpowerup                powerup      0000
__Hram                    ram          0000
__Hreset_vec              reset_vec    0000
__Hsfr0                   sfr0         0000
__Hsfr1                   sfr1         0000
__Hsfr2                   sfr2         0000
__Hsfr3                   sfr3         0000
__Hspace_0                (abs)        0800
__Hspace_1                (abs)        00B4
__Hspace_2                (abs)        0000
__Hspace_3                (abs)        0000
__Hspace_4                (abs)        4010
__Hstack                  stack        0000
__Hstrings                strings      0000
__Htext                   text         0000
__Labs1                   abs1         0000
__Lbank0                  bank0        0000
__Lbank1                  bank1        0000
__Lbank2                  bank2        0000
__Lbank3                  bank3        0000
__LbssBANK0               bssBANK0     0000
__LbssBANK1               bssBANK1     0000
__Lcinit                  cinit        07EB
__Lclrtext                clrtext      0000
__Lcode                   code         0000
__Lcommon                 common       0000
__Lconfig                 config       0000
__LcstackBANK0            cstackBANK0  0000
__LcstackCOMMON           cstackCOMMON 0000
__Leeprom_data            eeprom_data  0000
__Lend_init               end_init     0000
__Lfunctab                functab      0000
__Lidloc                  idloc        0000
__Linit                   init         0000
__Lintentry               intentry     0000
__Lmaintext               maintext     0000
__Lpowerup                powerup      0000
__Lram                    ram          0000
__Lreset_vec              reset_vec    0000
__Lsfr0                   sfr0         0000
__Lsfr1                   sfr1         0000
__Lsfr2                   sfr2         0000
__Lsfr3                   sfr3         0000
__Lspace_0                (abs)        0000
__Lspace_1                (abs)        0000
__Lspace_2                (abs)        0000
__Lspace_3                (abs)        0000
__Lspace_4                (abs)        0000
__Lstack                  stack        0000
__Lstrings                strings      0000
__Ltext                   text         0000
__S0                      (abs)        0800
__S1                      (abs)        00B4
__S3                      (abs)        0000
___aldiv                  text14       0536
___aldiv@counter          cstackBANK0  0028
___aldiv@dividend         cstackBANK0  0024
___aldiv@divisor          cstackBANK0  0020
___aldiv@quotient         cstackBANK0  002A
___aldiv@sign             cstackBANK0  0029
___int_sp                 stack        0000
___latbits                (abs)        0002
___lmul                   text13       032B
___lmul@multiplicand      cstackCOMMON 0074
___lmul@multiplier        cstackCOMMON 0070
___lmul@product           cstackCOMMON 0079
___lwdiv                  text17       02E7
___lwdiv@counter          cstackCOMMON 0077
___lwdiv@dividend         cstackCOMMON 0072
___lwdiv@divisor          cstackCOMMON 0070
___lwdiv@quotient         cstackCOMMON 0075
___lwmod                  text16       026B
___lwmod@counter          cstackCOMMON 007D
___lwmod@dividend         cstackCOMMON 007A
___lwmod@divisor          cstackCOMMON 0078
___sp                     stack        0000
___stackhi                (abs)        0000
___stacklo                (abs)        0000
__end_of_Lcd_Clear        text19       0198
__end_of_Lcd_Cmd          text20       01C8
__end_of_Lcd_Init         text18       043A
__end_of_Lcd_Port         text21       01EA
__end_of_Lcd_Set_Cursor   text5        0536
__end_of_Lcd_Write_Char   text4        026B
__end_of_Lcd_Write_String text3        02E7
__end_of___aldiv          text14       05D3
__end_of___lmul           text13       0371
__end_of___lwdiv          text17       032B
__end_of___lwmod          text16       02A5
__end_of__initialization  cinit        07FC
__end_of__stringtab       strings      0013
__end_of_calculovolt      text15       0238
__end_of_dpowers          strings      001D
__end_of_main             maintext     072A
__end_of_map              text12       067B
__end_of_setup            text10       020F
__end_of_setupINTOSC      text9        03D0
__end_of_spiInit          text11       01AE
__end_of_spiRead          text7        018B
__end_of_spiReceiveWait   text8        017A
__end_of_spiWrite         text6        0173
__end_of_sprintf          text2        07EB
__end_of_valorLCD         text1        04A9
__initialization          cinit        07EB
__pbssBANK0               bssBANK0     0056
__pbssBANK1               bssBANK1     00A0
__pcstackBANK0            cstackBANK0  0020
__pcstackCOMMON           cstackCOMMON 0070
__pmaintext               maintext     067B
__pstrings                strings      0003
__ptext1                  text1        043A
__ptext10                 text10       01EA
__ptext11                 text11       0198
__ptext12                 text12       05D3
__ptext13                 text13       032B
__ptext14                 text14       0536
__ptext15                 text15       020F
__ptext16                 text16       026B
__ptext17                 text17       02E7
__ptext18                 text18       03D0
__ptext19                 text19       018B
__ptext2                  text2        072A
__ptext20                 text20       01AE
__ptext21                 text21       01C8
__ptext3                  text3        02A5
__ptext4                  text4        0238
__ptext5                  text5        04A9
__ptext6                  text6        016D
__ptext7                  text7        0182
__ptext8                  text8        0173
__ptext9                  text9        0371
__stringbase              strings      0012
__stringtab               strings      0003
_buffer                   bssBANK1     00A0
_calculovolt              text15       020F
_cont                     bssBANK0     005F
_d1                       bssBANK0     0065
_dpowers                  strings      0013
_main                     maintext     067B
_map                      text12       05D3
_setup                    text10       01EA
_setupINTOSC              text9        0371
_spiInit                  text11       0198
_spiRead                  text7        0182
_spiReceiveWait           text8        0173
_spiWrite                 text6        016D
_sprintf                  text2        072A
_u1                       bssBANK0     0067
_valorLCD                 text1        043A
btemp                     (abs)        007E
clear_ram0                clrtext      017A
end_of_initialization     cinit        07FC
intlevel0                 functab      0000
intlevel1                 functab      0000
intlevel2                 functab      0000
intlevel3                 functab      0000
intlevel4                 functab      0000
intlevel5                 functab      0000
map@eMax                  cstackBANK0  0036
map@eMin                  cstackBANK0  0032
map@sMax                  cstackBANK0  003E
map@sMin                  cstackBANK0  003A
map@x                     cstackBANK0  002E
reset_vec                 reset_vec    0000
setupINTOSC@IRCF          cstackCOMMON 0070
spiInit@sClockIdle        cstackCOMMON 0071
spiInit@sDataSample       cstackCOMMON 0070
spiInit@sTransmitEdge     cstackCOMMON 0072
spiInit@sType             cstackCOMMON 0073
spiWrite@dat              cstackCOMMON 0070
sprintf@ap                cstackBANK0  0027
sprintf@c                 cstackBANK0  002C
sprintf@f                 cstackBANK0  0020
sprintf@flag              cstackBANK0  0026
sprintf@prec              cstackBANK0  002A
sprintf@sp                cstackBANK0  002B
sprintf@val               cstackBANK0  0028
start                     init         0000
start_initialization      cinit        07EB
wtemp0                    (abs)        007E


MODULE INFORMATION

Module		Function		Class		Link	Load	Size
mapf.c
		_map           		CODE           	05D3	0000	168

mapf.c estimated size: 168

C:\Program Files\Microchip\xc8\v2.40\pic\sources\c90\common\aldiv.c
		___aldiv       		CODE           	0536	0000	157

C:\Program Files\Microchip\xc8\v2.40\pic\sources\c90\common\aldiv.c estimated size: 157

C:\Program Files\Microchip\xc8\v2.40\pic\sources\c90\common\doprnt.c
		_sprintf       		CODE           	072A	0000	193

C:\Program Files\Microchip\xc8\v2.40\pic\sources\c90\common\doprnt.c estimated size: 193

oscilador.c
		_setupINTOSC   		CODE           	0371	0000	95

oscilador.c estimated size: 95

C:\Program Files\Microchip\xc8\v2.40\pic\sources\c90\common\lwmod.c
		___lwmod       		CODE           	026B	0000	58

C:\Program Files\Microchip\xc8\v2.40\pic\sources\c90\common\lwmod.c estimated size: 58

shared
		__stringtab    		STRING         	0003	0000	16
		_dpowers       		STRING         	0013	0000	10
		__initialization		CODE           	07EB	0000	17

shared estimated size: 43

lcd.c
		_Lcd_Write_String		CODE           	02A5	0000	66
		_Lcd_Init      		CODE           	03D0	0000	106
		_Lcd_Write_Char		CODE           	0238	0000	51
		_Lcd_Cmd       		CODE           	01AE	0000	26
		_Lcd_Set_Cursor		CODE           	04A9	0000	141
		_Lcd_Clear     		CODE           	018B	0000	13
		_Lcd_Port      		CODE           	01C8	0000	34

lcd.c estimated size: 437

SPI.c
		_spiWrite      		CODE           	016D	0000	6
		_spiInit       		CODE           	0198	0000	22
		_spiReceiveWait		CODE           	0173	0000	7
		_spiRead       		CODE           	0182	0000	9

SPI.c estimated size: 44

C:\Program Files\Microchip\xc8\v2.40\pic\sources\c90\common\Umul32.c
		___lmul        		CODE           	032B	0000	70

C:\Program Files\Microchip\xc8\v2.40\pic\sources\c90\common\Umul32.c estimated size: 70

main.c
		_calculovolt   		CODE           	020F	0000	41
		_main          		CODE           	067B	0000	175
		_valorLCD      		CODE           	043A	0000	111
		_setup         		CODE           	01EA	0000	37

main.c estimated size: 364

C:\Program Files\Microchip\xc8\v2.40\pic\sources\c90\common\lwdiv.c
		___lwdiv       		CODE           	02E7	0000	68

C:\Program Files\Microchip\xc8\v2.40\pic\sources\c90\common\lwdiv.c estimated size: 68

