Microchip MPLAB XC8 Compiler V2.40

Linker command line:

-W-3 \
  --edf=C:\Program Files\Microchip\xc8\v2.40\pic\dat\20220703182018_en.msgs \
  -cn -h+dist/default/production\LAB3M.X.production.sym \
  --cmf=dist/default/production\LAB3M.X.production.cmf -z -Q16F887 \
  -oC:\Users\Migue\AppData\Local\Temp\xcAsrs0.4 --defsym=__MPLAB_BUILD=1 \
  --fixupoverflow=error -Mdist/default/production/LAB3M.X.production.map \
  --md=C:\Users\Migue\AppData\Local\Temp\xcAsrs0.dat -E1 -ver=XC8 Compiler \
  --acfsm=1493 -ACODE=00h-07FFhx4 -ASTRCODE=00h-01FFFh -ASTRING=00h-0FFhx32 \
  -ACONST=00h-0FFhx32 -AENTRY=00h-0FFhx32 -ACOMMON=070h-07Fh \
  -ABANK0=020h-06Fh -ABANK1=0A0h-0EFh -ABANK2=0110h-016Fh \
  -ABANK3=0190h-01EFh -ARAM=020h-06Fh,0A0h-0EFh,0110h-016Fh,0190h-01EFh \
  -AABS1=020h-07Fh,0A0h-0EFh,0110h-016Fh,0190h-01EFh -ASFR0=00h-01Fh \
  -ASFR1=080h-09Fh -ASFR2=0100h-010Fh -ASFR3=0180h-018Fh \
  -ACONFIG=02007h-02008h -DCONFIG=2 -AIDLOC=02000h-02003h -DIDLOC=2 \
  -AEEDATA=00h-0FFh/02100h -peeprom_data=EEDATA -DEEDATA=2 -DCODE=2 \
  -DSTRCODE=2 -DSTRING=2 -DCONST=2 -DENTRY=2 \
  -preset_vec=00h,intentry=04h,init,end_init -ppowerup=CODE -pcinit=CODE \
  -pfunctab=ENTRY -k C:\Users\Migue\AppData\Local\Temp\xcAsrs0.o \
  dist/default/production\LAB3M.X.production.o 

Object code version is 3.11

Machine type is 16F887



                Name                               Link     Load   Length Selector   Space Scale
C:\Users\Migue\AppData\Local\Temp\xcAsrs0.o
                end_init                              C        C        3        8       0
                reset_vec                             0        0        3        0       0
                config                             2007     2007        2        0       4
                idloc                              2000     2000        4        0       5
dist/default/production\LAB3M.X.production.o
                cinit                                 F        F       15        8       0
                intentry                              4        4        8        8       0
                config                             2007     2007        2        0       4
                idloc                              2000     2000        4        0       5
                text19                              799      799       1D      E94       0
                text18                              777      777       22      E94       0
                text17                              7B6      7B6       1A      E94       0
                text16                              7E6      7E6        D      E94       0
                text15                              4BD      4BD       6A        8       0
                text14                              667      667       44        8       0
                text13                              6AB      6AB       3C        8       0
                text12                              586      586       4F        8       0
                text11                              393      393       9D        8       0
                text10                              5D5      5D5       4C        8       0
                text9                               2EB      2EB       A8        8       0
                text8                               7D0      7D0       16      E94       0
                text7                               74A      74A       2D      E94       0
                text6                               527      527       5F        8       0
                text5                               430      430       8D        8       0
                text4                               6E7      6E7       33        8       0
                text3                               621      621       46        8       0
                text2                               16A      16A       C3        8       0
                text1                               22D      22D       BE        8       0
                maintext                             24       24      146        8       0
                cstackBANK0                          20       20       3A       20       1
                cstackCOMMON                         70       70        C       70       1
                clrtext                             7F3      7F3        8      E94       0
                bssBANK1                             A0       A0       14       A0       1
                bssBANK0                             5A       5A       10       20       1
                strings                             71A      71A       30      E34       0

TOTAL           Name                               Link     Load   Length     Space
        CLASS   CODE           
                end_init                              C        C        3         0
                cinit                                 F        F       15         0
                intentry                              4        4        8         0
                reset_vec                             0        0        3         0
                text19                              799      799       1D         0
                text18                              777      777       22         0
                text17                              7B6      7B6       1A         0
                text16                              7E6      7E6        D         0
                text15                              4BD      4BD       6A         0
                text14                              667      667       44         0
                text13                              6AB      6AB       3C         0
                text12                              586      586       4F         0
                text11                              393      393       9D         0
                text10                              5D5      5D5       4C         0
                text9                               2EB      2EB       A8         0
                text8                               7D0      7D0       16         0
                text7                               74A      74A       2D         0
                text6                               527      527       5F         0
                text5                               430      430       8D         0
                text4                               6E7      6E7       33         0
                text3                               621      621       46         0
                text2                               16A      16A       C3         0
                text1                               22D      22D       BE         0
                maintext                             24       24      146         0
                clrtext                             7F3      7F3        8         0

        CLASS   STRCODE        

        CLASS   STRING         
                strings                             71A      71A       30         0

        CLASS   CONST          

        CLASS   ENTRY          

        CLASS   COMMON         
                cstackCOMMON                         70       70        C         1

        CLASS   BANK0          
                cstackBANK0                          20       20       3A         1
                bssBANK0                             5A       5A       10         1

        CLASS   BANK1          
                bssBANK1                             A0       A0       14         1

        CLASS   BANK2          

        CLASS   BANK3          

        CLASS   RAM            

        CLASS   ABS1           
                abs_s1                               7E       7E        2         1

        CLASS   SFR0           

        CLASS   SFR1           

        CLASS   SFR2           

        CLASS   SFR3           

        CLASS   CONFIG         
                config                             2007     2007        2         4

        CLASS   IDLOC          
                idloc                              2000     2000        4         5

        CLASS   EEDATA         

        CLASS   STACK          



SEGMENTS        Name                           Load    Length   Top    Selector   Space  Class     Delta

                reset_vec                      000000  000003  000003         0       0  CODE        2
                intentry                       000004  000716  00071A         8       0  CODE        2
                cstackBANK0                    000020  00004A  00006A        20       1  BANK0       1
                cstackCOMMON                   000070  00000C  00007C        70       1  COMMON      1
                bssBANK1                       0000A0  000014  0000B4        A0       1  BANK1       1
                strings                        00071A  000030  00074A       E34       0  STRING      2
                text7                          00074A  0000B1  0007FB       E94       0  CODE        2


UNUSED ADDRESS RANGES

        Name                Unused          Largest block    Delta
        BANK0            006A-006F              6           1
        BANK1            00B4-00EF             3C           1
        BANK2            0110-016F             60           1
        BANK3            0190-01EF             60           1
        CODE             0003-0003              1           2
                         07FB-1FFF            800
        COMMON           007C-007D              2           1
        CONST            0003-0003              1           2
                         07FB-1FFF            100
        EEDATA           2100-21FF            100           2
        ENTRY            0003-0003              1           2
                         07FB-1FFF            100
        RAM              006A-006F              6           1
                         00B4-00EF             3C
                         0110-016F             60
                         0190-01EF             60
        SFR0             0000-001F             20           1
        SFR1             0080-009F             20           1
        SFR2             0100-010F             10           1
        SFR3             0180-018F             10           1
        STRCODE          0003-0003              1           2
                         07FB-1FFF           1805
        STRING           0003-0003              1           2
                         07FB-1FFF            100

                                  Symbol Table

?___aldiv                 cstackBANK0  0024
?___lmul                  cstackCOMMON 0072
?___lwdiv                 cstackCOMMON 0072
?___lwmod                 cstackBANK0  0020
?_map                     cstackBANK0  0032
?_sprintf                 cstackBANK0  0024
Lcd_Cmd@a                 cstackCOMMON 0075
Lcd_Port@a                cstackCOMMON 0072
Lcd_Set_Cursor@a          cstackCOMMON 0078
Lcd_Set_Cursor@b          cstackCOMMON 0076
Lcd_Set_Cursor@temp       cstackCOMMON 007B
Lcd_Set_Cursor@y          cstackCOMMON 007A
Lcd_Set_Cursor@z          cstackCOMMON 0079
Lcd_Write_Char@a          cstackCOMMON 0076
Lcd_Write_Char@temp       cstackCOMMON 0074
Lcd_Write_Char@y          cstackCOMMON 0075
Lcd_Write_String@a        cstackCOMMON 0077
Lcd_Write_String@i        cstackBANK0  0020
_ADCON0bits               (abs)        001F
_ADCON1bits               (abs)        009F
_ANSELH                   (abs)        0189
_ANSELbits                (abs)        0188
_INTCONbits               (abs)        000B
_Lcd_Clear                text16       07E6
_Lcd_Cmd                  text17       07B6
_Lcd_Init                 text15       04BD
_Lcd_Port                 text18       0777
_Lcd_Set_Cursor           text5        0430
_Lcd_Write_Char           text4        06E7
_Lcd_Write_String         text3        0621
_OSCCONbits               (abs)        008F
_PIE1bits                 (abs)        008C
_PIR1bits                 (abs)        000C
_PORTA                    (abs)        0005
_PORTAbits                (abs)        0005
_PORTB                    (abs)        0006
_PORTCbits                (abs)        0007
_PORTD                    (abs)        0008
_PORTDbits                (abs)        0008
_PORTE                    (abs)        0009
_SSPBUF                   (abs)        0013
_SSPCON                   (abs)        0014
_SSPSTAT                  (abs)        0094
_SSPSTATbits              (abs)        0094
_TRISA                    (abs)        0085
_TRISAbits                (abs)        0085
_TRISB                    (abs)        0086
_TRISC3                   (abs)        043B
_TRISC5                   (abs)        043D
_TRISCbits                (abs)        0087
_TRISD                    (abs)        0088
_TRISDbits                (abs)        0088
_V1                       bssBANK0     0069
_V2                       bssBANK0     0068
_VOLT1                    bssBANK0     0066
_VOLT2                    bssBANK0     0064
__Habs1                   abs1         0000
__Hbank0                  bank0        0000
__Hbank1                  bank1        0000
__Hbank2                  bank2        0000
__Hbank3                  bank3        0000
__HbssBANK0               bssBANK0     0000
__HbssBANK1               bssBANK1     0000
__Hcinit                  cinit        0024
__Hclrtext                clrtext      0000
__Hcode                   code         0000
__Hcommon                 common       0000
__Hconfig                 config       2009
__HcstackBANK0            cstackBANK0  0000
__HcstackCOMMON           cstackCOMMON 0000
__Heeprom_data            eeprom_data  0000
__Hend_init               end_init     000F
__Hfunctab                functab      0000
__Hidloc                  idloc        2004
__Hinit                   init         000C
__Hintentry               intentry     000C
__Hmaintext               maintext     0000
__Hpowerup                powerup      0000
__Hram                    ram          0000
__Hreset_vec              reset_vec    0003
__Hsfr0                   sfr0         0000
__Hsfr1                   sfr1         0000
__Hsfr2                   sfr2         0000
__Hsfr3                   sfr3         0000
__Hspace_0                (abs)        07FB
__Hspace_1                (abs)        00B4
__Hspace_2                (abs)        0000
__Hspace_3                (abs)        0000
__Hspace_4                (abs)        4010
__Hstack                  stack        0000
__Hstrings                strings      0000
__Htext                   text         0000
__Labs1                   abs1         0000
__Lbank0                  bank0        0000
__Lbank1                  bank1        0000
__Lbank2                  bank2        0000
__Lbank3                  bank3        0000
__LbssBANK0               bssBANK0     0000
__LbssBANK1               bssBANK1     0000
__Lcinit                  cinit        000F
__Lclrtext                clrtext      0000
__Lcode                   code         0000
__Lcommon                 common       0000
__Lconfig                 config       0000
__LcstackBANK0            cstackBANK0  0000
__LcstackCOMMON           cstackCOMMON 0000
__Leeprom_data            eeprom_data  0000
__Lend_init               end_init     000C
__Lfunctab                functab      0000
__Lidloc                  idloc        0000
__Linit                   init         000C
__Lintentry               intentry     0004
__Lmaintext               maintext     0000
__Lpowerup                powerup      0000
__Lram                    ram          0000
__Lreset_vec              reset_vec    0000
__Lsfr0                   sfr0         0000
__Lsfr1                   sfr1         0000
__Lsfr2                   sfr2         0000
__Lsfr3                   sfr3         0000
__Lspace_0                (abs)        0000
__Lspace_1                (abs)        0000
__Lspace_2                (abs)        0000
__Lspace_3                (abs)        0000
__Lspace_4                (abs)        0000
__Lstack                  stack        0000
__Lstrings                strings      0000
__Ltext                   text         0000
__S0                      (abs)        07FB
__S1                      (abs)        00B4
__S3                      (abs)        0000
___aldiv                  text11       0393
___aldiv@counter          cstackBANK0  002C
___aldiv@dividend         cstackBANK0  0028
___aldiv@divisor          cstackBANK0  0024
___aldiv@quotient         cstackBANK0  002E
___aldiv@sign             cstackBANK0  002D
___int_sp                 stack        0000
___latbits                (abs)        0002
___lmul                   text10       05D5
___lmul@multiplicand      cstackCOMMON 0076
___lmul@multiplier        cstackCOMMON 0072
___lmul@product           cstackBANK0  0020
___lwdiv                  text14       0667
___lwdiv@counter          cstackCOMMON 0079
___lwdiv@dividend         cstackCOMMON 0074
___lwdiv@divisor          cstackCOMMON 0072
___lwdiv@quotient         cstackCOMMON 0077
___lwmod                  text13       06AB
___lwmod@counter          cstackCOMMON 007B
___lwmod@dividend         cstackBANK0  0022
___lwmod@divisor          cstackBANK0  0020
___sp                     stack        0000
___stackhi                (abs)        0000
___stacklo                (abs)        0000
__end_of_Lcd_Clear        text16       07F3
__end_of_Lcd_Cmd          text17       07D0
__end_of_Lcd_Init         text15       0527
__end_of_Lcd_Port         text18       0799
__end_of_Lcd_Set_Cursor   text5        04BD
__end_of_Lcd_Write_Char   text4        071A
__end_of_Lcd_Write_String text3        0667
__end_of___aldiv          text11       0430
__end_of___lmul           text10       0621
__end_of___lwdiv          text14       06AB
__end_of___lwmod          text13       06E7
__end_of__initialization  cinit        0020
__end_of__stringtab       strings      072A
__end_of_calculovolt      text12       05D5
__end_of_dpowers          strings      0734
__end_of_isr              text19       07B6
__end_of_main             maintext     016A
__end_of_map              text9        0393
__end_of_setup            text7        0777
__end_of_setupINTOSC      text6        0586
__end_of_spiInit          text8        07E6
__end_of_sprintf          text2        022D
__end_of_valorLCD         text1        02EB
__initialization          cinit        000F
__pbssBANK0               bssBANK0     005A
__pbssBANK1               bssBANK1     00A0
__pcstackBANK0            cstackBANK0  0020
__pcstackCOMMON           cstackCOMMON 0070
__pintentry               intentry     0004
__pmaintext               maintext     0024
__pstrings                strings      071A
__ptext1                  text1        022D
__ptext10                 text10       05D5
__ptext11                 text11       0393
__ptext12                 text12       0586
__ptext13                 text13       06AB
__ptext14                 text14       0667
__ptext15                 text15       04BD
__ptext16                 text16       07E6
__ptext17                 text17       07B6
__ptext18                 text18       0777
__ptext19                 text19       0799
__ptext2                  text2        016A
__ptext3                  text3        0621
__ptext4                  text4        06E7
__ptext5                  text5        0430
__ptext6                  text6        0527
__ptext7                  text7        074A
__ptext8                  text8        07D0
__ptext9                  text9        02EB
__stringbase              strings      0729
__stringtab               strings      071A
_buffer                   bssBANK1     00A0
_calculovolt              text12       0586
_cont                     bssBANK0     005A
_d1                       bssBANK0     0060
_d2                       bssBANK0     005C
_dpowers                  strings      072A
_isr                      text19       0799
_main                     maintext     0024
_map                      text9        02EB
_setup                    text7        074A
_setupINTOSC              text6        0527
_spiInit                  text8        07D0
_sprintf                  text2        016A
_u1                       bssBANK0     0062
_u2                       bssBANK0     005E
_valorLCD                 text1        022D
btemp                     (abs)        007E
clear_ram0                clrtext      07F3
end_of_initialization     cinit        0020
interrupt_function        intentry     0004
intlevel0                 functab      0000
intlevel1                 functab      0000
intlevel2                 functab      0000
intlevel3                 functab      0000
intlevel4                 functab      0000
intlevel5                 functab      0000
map@eMax                  cstackBANK0  003A
map@eMin                  cstackBANK0  0036
map@sMax                  cstackBANK0  0042
map@sMin                  cstackBANK0  003E
map@x                     cstackBANK0  0032
reset_vec                 reset_vec    0000
saved_w                   (abs)        007E
setupINTOSC@IRCF          cstackCOMMON 0072
spiInit@sClockIdle        cstackCOMMON 0073
spiInit@sDataSample       cstackCOMMON 0072
spiInit@sTransmitEdge     cstackCOMMON 0074
spiInit@sType             cstackCOMMON 0075
sprintf@ap                cstackBANK0  002B
sprintf@c                 cstackBANK0  0030
sprintf@f                 cstackBANK0  0024
sprintf@flag              cstackBANK0  002A
sprintf@prec              cstackBANK0  002E
sprintf@sp                cstackBANK0  002F
sprintf@val               cstackBANK0  002C
start                     init         000C
start_initialization      cinit        000F
wtemp0                    (abs)        007E


MODULE INFORMATION

Module		Function		Class		Link	Load	Size
mapf.c
		_map           		CODE           	02EB	0000	168

mapf.c estimated size: 168

C:\Program Files\Microchip\xc8\v2.40\pic\sources\c90\common\aldiv.c
		___aldiv       		CODE           	0393	0000	157

C:\Program Files\Microchip\xc8\v2.40\pic\sources\c90\common\aldiv.c estimated size: 157

C:\Program Files\Microchip\xc8\v2.40\pic\sources\c90\common\doprnt.c
		_sprintf       		CODE           	016A	0000	195

C:\Program Files\Microchip\xc8\v2.40\pic\sources\c90\common\doprnt.c estimated size: 195

oscilador.c
		_setupINTOSC   		CODE           	0527	0000	95

oscilador.c estimated size: 95

C:\Program Files\Microchip\xc8\v2.40\pic\sources\c90\common\lwmod.c
		___lwmod       		CODE           	06AB	0000	60

C:\Program Files\Microchip\xc8\v2.40\pic\sources\c90\common\lwmod.c estimated size: 60

shared
		__stringtab    		STRING         	071A	0000	16
		_dpowers       		STRING         	072A	0000	10
		__initialization		CODE           	000F	0000	17

shared estimated size: 43

lcd.c
		_Lcd_Write_String		CODE           	0621	0000	70
		_Lcd_Init      		CODE           	04BD	0000	106
		_Lcd_Write_Char		CODE           	06E7	0000	51
		_Lcd_Cmd       		CODE           	07B6	0000	26
		_Lcd_Set_Cursor		CODE           	0430	0000	141
		_Lcd_Clear     		CODE           	07E6	0000	13
		_Lcd_Port      		CODE           	0777	0000	34

lcd.c estimated size: 441

SPI.c
		_spiInit       		CODE           	07D0	0000	22

SPI.c estimated size: 22

C:\Program Files\Microchip\xc8\v2.40\pic\sources\c90\common\Umul32.c
		___lmul        		CODE           	05D5	0000	76

C:\Program Files\Microchip\xc8\v2.40\pic\sources\c90\common\Umul32.c estimated size: 76

main.c
		_calculovolt   		CODE           	0586	0000	79
		_main          		CODE           	0024	0000	326
		_valorLCD      		CODE           	022D	0000	190
		_isr           		CODE           	0799	0000	29
		_setup         		CODE           	074A	0000	45

main.c estimated size: 669

C:\Program Files\Microchip\xc8\v2.40\pic\sources\c90\common\lwdiv.c
		___lwdiv       		CODE           	0667	0000	68

C:\Program Files\Microchip\xc8\v2.40\pic\sources\c90\common\lwdiv.c estimated size: 68

